// Jest Snapshot v1, https://goo.gl/fbAQLP

exports[`MessageToggle.vue matches snapshot 1`] = `
<div>
  <message-stub></message-stub> <button id="toggle-message">
    Change message
  </button>
</div>
`;
